[2026-07-08 15:02:10.030] [info] Loaded marker file example_ref.trc (58 markers, 113 frames)
[2026-07-08 16:25:12.290] [info] Updating Model file from 40500 to latest format...
[2026-07-08 16:25:12.319] [info] Loaded model P17_RCNL from file example_model.osim
[2026-07-08 16:25:12.320] [warning] Couldn't find file 'r_pelvis.vtp'.
[2026-07-08 16:25:12.320] [warning] Couldn't find file 'l_pelvis.vtp'.
[2026-07-08 16:25:12.320] [warning] Couldn't find file 'sacrum.vtp'.
[2026-07-08 16:25:12.320] [warning] Couldn't find file 'r_femur.vtp'.
[2026-07-08 16:25:12.320] [warning] Couldn't find file 'r_patella.vtp'.
[2026-07-08 16:25:12.320] [warning] Couldn't find file 'r_tibia_dist.obj'.
[2026-07-08 16:25:12.320] [warning] Couldn't find file 'r_fibula.vtp'.
[2026-07-08 16:25:12.320] [warning] Couldn't find file 'r_talus.stl'.
[2026-07-08 16:25:12.320] [warning] Couldn't find file 'r_foot.vtp'.
[2026-07-08 16:25:12.320] [warning] Couldn't find file 'r_bofoot.vtp'.
[2026-07-08 16:25:12.320] [warning] Couldn't find file 'l_femur.vtp'.
[2026-07-08 16:25:12.320] [warning] Couldn't find file 'l_patella.vtp'.
[2026-07-08 16:25:12.320] [warning] Couldn't find file 'l_tibia.vtp'.
[2026-07-08 16:25:12.320] [warning] Couldn't find file 'l_fibula.vtp'.
[2026-07-08 16:25:12.320] [warning] Couldn't find file 'l_talus.stl'.
[2026-07-08 16:25:12.320] [warning] Couldn't find file 'l_foot.vtp'.
[2026-07-08 16:25:12.320] [warning] Couldn't find file 'l_bofoot.vtp'.
[2026-07-08 16:25:12.320] [warning] Couldn't find file 'hat_spine.vtp'.
[2026-07-08 16:25:12.320] [warning] Couldn't find file 'hat_jaw.vtp'.
[2026-07-08 16:25:12.320] [warning] Couldn't find file 'hat_skull.vtp'.
[2026-07-08 16:25:12.320] [warning] Couldn't find file 'hat_ribs_scap.vtp'.
[2026-07-08 16:25:12.320] [warning] Couldn't find file 'humerus_rv.vtp'.
[2026-07-08 16:25:12.320] [warning] Couldn't find file 'ulna_rv.vtp'.
[2026-07-08 16:25:12.320] [warning] Couldn't find file 'radius_rv.vtp'.
[2026-07-08 16:25:12.320] [warning] Couldn't find file 'pisiform_rvs.vtp'.
[2026-07-08 16:25:12.320] [warning] Couldn't find file 'lunate_rvs.vtp'.
[2026-07-08 16:25:12.320] [warning] Couldn't find file 'scaphoid_rvs.vtp'.
[2026-07-08 16:25:12.320] [warning] Couldn't find file 'triquetrum_rvs.vtp'.
[2026-07-08 16:25:12.320] [warning] Couldn't find file 'hamate_rvs.vtp'.
[2026-07-08 16:25:12.320] [warning] Couldn't find file 'capitate_rvs.vtp'.
[2026-07-08 16:25:12.320] [warning] Couldn't find file 'trapezoid_rvs.vtp'.
[2026-07-08 16:25:12.320] [warning] Couldn't find file 'trapezium_rvs.vtp'.
[2026-07-08 16:25:12.320] [warning] Couldn't find file 'metacarpal2_rvs.vtp'.
[2026-07-08 16:25:12.320] [warning] Couldn't find file 'index_proximal_rvs.vtp'.
[2026-07-08 16:25:12.320] [warning] Couldn't find file 'index_medial_rvs.vtp'.
[2026-07-08 16:25:12.320] [warning] Couldn't find file 'index_distal_rvs.vtp'.
[2026-07-08 16:25:12.320] [warning] Couldn't find file 'metacarpal3_rvs.vtp'.
[2026-07-08 16:25:12.320] [warning] Couldn't find file 'middle_proximal_rvs.vtp'.
[2026-07-08 16:25:12.320] [warning] Couldn't find file 'middle_medial_rvs.vtp'.
[2026-07-08 16:25:12.320] [warning] Couldn't find file 'middle_distal_rvs.vtp'.
[2026-07-08 16:25:12.320] [warning] Couldn't find file 'metacarpal4_rvs.vtp'.
[2026-07-08 16:25:12.320] [warning] Couldn't find file 'ring_proximal_rvs.vtp'.
[2026-07-08 16:25:12.320] [warning] Couldn't find file 'ring_medial_rvs.vtp'.
[2026-07-08 16:25:12.320] [warning] Couldn't find file 'ring_distal_rvs.vtp'.
[2026-07-08 16:25:12.320] [warning] Couldn't find file 'metacarpal5_rvs.vtp'.
[2026-07-08 16:25:12.320] [warning] Couldn't find file 'little_proximal_rvs.vtp'.
[2026-07-08 16:25:12.320] [warning] Couldn't find file 'little_medial_rvs.vtp'.
[2026-07-08 16:25:12.320] [warning] Couldn't find file 'little_distal_rvs.vtp'.
[2026-07-08 16:25:12.320] [warning] Couldn't find file 'metacarpal1_rvs.vtp'.
[2026-07-08 16:25:12.320] [warning] Couldn't find file 'thumb_proximal_rvs.vtp'.
[2026-07-08 16:25:12.320] [warning] Couldn't find file 'thumb_distal_rvs.vtp'.
[2026-07-08 16:25:12.321] [warning] Couldn't find file 'humerus_lv.vtp'.
[2026-07-08 16:25:12.321] [warning] Couldn't find file 'ulna_lv.vtp'.
[2026-07-08 16:25:12.321] [warning] Couldn't find file 'radius_lv.vtp'.
[2026-07-08 16:25:12.321] [warning] Couldn't find file 'pisiform_lvs.vtp'.
[2026-07-08 16:25:12.321] [warning] Couldn't find file 'lunate_lvs.vtp'.
[2026-07-08 16:25:12.321] [warning] Couldn't find file 'scaphoid_lvs.vtp'.
[2026-07-08 16:25:12.321] [warning] Couldn't find file 'triquetrum_lvs.vtp'.
[2026-07-08 16:25:12.321] [warning] Couldn't find file 'hamate_lvs.vtp'.
[2026-07-08 16:25:12.321] [warning] Couldn't find file 'capitate_lvs.vtp'.
[2026-07-08 16:25:12.321] [warning] Couldn't find file 'trapezoid_lvs.vtp'.
[2026-07-08 16:25:12.321] [warning] Couldn't find file 'trapezium_lvs.vtp'.
[2026-07-08 16:25:12.321] [warning] Couldn't find file 'metacarpal2_lvs.vtp'.
[2026-07-08 16:25:12.321] [warning] Couldn't find file 'index_proximal_lvs.vtp'.
[2026-07-08 16:25:12.321] [warning] Couldn't find file 'index_medial_lvs.vtp'.
[2026-07-08 16:25:12.321] [warning] Couldn't find file 'index_distal_lvs.vtp'.
[2026-07-08 16:25:12.321] [warning] Couldn't find file 'metacarpal3_lvs.vtp'.
[2026-07-08 16:25:12.321] [warning] Couldn't find file 'middle_proximal_lvs.vtp'.
[2026-07-08 16:25:12.321] [warning] Couldn't find file 'middle_medial_lvs.vtp'.
[2026-07-08 16:25:12.321] [warning] Couldn't find file 'middle_distal_lvs.vtp'.
[2026-07-08 16:25:12.321] [warning] Couldn't find file 'metacarpal4_lvs.vtp'.
[2026-07-08 16:25:12.321] [warning] Couldn't find file 'ring_proximal_lvs.vtp'.
[2026-07-08 16:25:12.321] [warning] Couldn't find file 'ring_medial_lvs.vtp'.
[2026-07-08 16:25:12.321] [warning] Couldn't find file 'ring_distal_lvs.vtp'.
[2026-07-08 16:25:12.321] [warning] Couldn't find file 'metacarpal5_lvs.vtp'.
[2026-07-08 16:25:12.321] [warning] Couldn't find file 'little_proximal_lvs.vtp'.
[2026-07-08 16:25:12.321] [warning] Couldn't find file 'little_medial_lvs.vtp'.
[2026-07-08 16:25:12.321] [warning] Couldn't find file 'little_distal_lvs.vtp'.
[2026-07-08 16:25:12.321] [warning] Couldn't find file 'metacarpal1_lvs.vtp'.
[2026-07-08 16:25:12.321] [warning] Couldn't find file 'thumb_proximal_lvs.vtp'.
[2026-07-08 16:25:12.321] [warning] Couldn't find file 'thumb_distal_lvs.vtp'.
[2026-07-08 16:25:12.321] [warning] Couldn't find file 'r_tibia_prox.obj'.
[2026-07-08 16:31:17.490] [info] Loaded marker file ./._temp_trc.trc (42 markers, 225 frames)
[2026-07-08 16:39:27.283] [info] Updating Model file from 40500 to latest format...
[2026-07-08 16:39:27.316] [info] Loaded model P17_RCNL from file example_model.osim
[2026-07-08 16:39:27.317] [warning] Couldn't find file 'r_pelvis.vtp'.
[2026-07-08 16:39:27.317] [warning] Couldn't find file 'l_pelvis.vtp'.
[2026-07-08 16:39:27.317] [warning] Couldn't find file 'sacrum.vtp'.
[2026-07-08 16:39:27.317] [warning] Couldn't find file 'r_femur.vtp'.
[2026-07-08 16:39:27.317] [warning] Couldn't find file 'r_patella.vtp'.
[2026-07-08 16:39:27.317] [warning] Couldn't find file 'r_tibia_dist.obj'.
[2026-07-08 16:39:27.317] [warning] Couldn't find file 'r_fibula.vtp'.
[2026-07-08 16:39:27.317] [warning] Couldn't find file 'r_talus.stl'.
[2026-07-08 16:39:27.317] [warning] Couldn't find file 'r_foot.vtp'.
[2026-07-08 16:39:27.317] [warning] Couldn't find file 'r_bofoot.vtp'.
[2026-07-08 16:39:27.317] [warning] Couldn't find file 'l_femur.vtp'.
[2026-07-08 16:39:27.317] [warning] Couldn't find file 'l_patella.vtp'.
[2026-07-08 16:39:27.317] [warning] Couldn't find file 'l_tibia.vtp'.
[2026-07-08 16:39:27.317] [warning] Couldn't find file 'l_fibula.vtp'.
[2026-07-08 16:39:27.317] [warning] Couldn't find file 'l_talus.stl'.
[2026-07-08 16:39:27.317] [warning] Couldn't find file 'l_foot.vtp'.
[2026-07-08 16:39:27.317] [warning] Couldn't find file 'l_bofoot.vtp'.
[2026-07-08 16:39:27.317] [warning] Couldn't find file 'hat_spine.vtp'.
[2026-07-08 16:39:27.317] [warning] Couldn't find file 'hat_jaw.vtp'.
[2026-07-08 16:39:27.317] [warning] Couldn't find file 'hat_skull.vtp'.
[2026-07-08 16:39:27.317] [warning] Couldn't find file 'hat_ribs_scap.vtp'.
[2026-07-08 16:39:27.317] [warning] Couldn't find file 'humerus_rv.vtp'.
[2026-07-08 16:39:27.317] [warning] Couldn't find file 'ulna_rv.vtp'.
[2026-07-08 16:39:27.317] [warning] Couldn't find file 'radius_rv.vtp'.
[2026-07-08 16:39:27.317] [warning] Couldn't find file 'pisiform_rvs.vtp'.
[2026-07-08 16:39:27.317] [warning] Couldn't find file 'lunate_rvs.vtp'.
[2026-07-08 16:39:27.317] [warning] Couldn't find file 'scaphoid_rvs.vtp'.
[2026-07-08 16:39:27.317] [warning] Couldn't find file 'triquetrum_rvs.vtp'.
[2026-07-08 16:39:27.317] [warning] Couldn't find file 'hamate_rvs.vtp'.
[2026-07-08 16:39:27.317] [warning] Couldn't find file 'capitate_rvs.vtp'.
[2026-07-08 16:39:27.317] [warning] Couldn't find file 'trapezoid_rvs.vtp'.
[2026-07-08 16:39:27.317] [warning] Couldn't find file 'trapezium_rvs.vtp'.
[2026-07-08 16:39:27.317] [warning] Couldn't find file 'metacarpal2_rvs.vtp'.
[2026-07-08 16:39:27.318] [warning] Couldn't find file 'index_proximal_rvs.vtp'.
[2026-07-08 16:39:27.318] [warning] Couldn't find file 'index_medial_rvs.vtp'.
[2026-07-08 16:39:27.318] [warning] Couldn't find file 'index_distal_rvs.vtp'.
[2026-07-08 16:39:27.318] [warning] Couldn't find file 'metacarpal3_rvs.vtp'.
[2026-07-08 16:39:27.318] [warning] Couldn't find file 'middle_proximal_rvs.vtp'.
[2026-07-08 16:39:27.318] [warning] Couldn't find file 'middle_medial_rvs.vtp'.
[2026-07-08 16:39:27.318] [warning] Couldn't find file 'middle_distal_rvs.vtp'.
[2026-07-08 16:39:27.318] [warning] Couldn't find file 'metacarpal4_rvs.vtp'.
[2026-07-08 16:39:27.318] [warning] Couldn't find file 'ring_proximal_rvs.vtp'.
[2026-07-08 16:39:27.318] [warning] Couldn't find file 'ring_medial_rvs.vtp'.
[2026-07-08 16:39:27.318] [warning] Couldn't find file 'ring_distal_rvs.vtp'.
[2026-07-08 16:39:27.318] [warning] Couldn't find file 'metacarpal5_rvs.vtp'.
[2026-07-08 16:39:27.318] [warning] Couldn't find file 'little_proximal_rvs.vtp'.
[2026-07-08 16:39:27.318] [warning] Couldn't find file 'little_medial_rvs.vtp'.
[2026-07-08 16:39:27.318] [warning] Couldn't find file 'little_distal_rvs.vtp'.
[2026-07-08 16:39:27.318] [warning] Couldn't find file 'metacarpal1_rvs.vtp'.
[2026-07-08 16:39:27.318] [warning] Couldn't find file 'thumb_proximal_rvs.vtp'.
[2026-07-08 16:39:27.318] [warning] Couldn't find file 'thumb_distal_rvs.vtp'.
[2026-07-08 16:39:27.318] [warning] Couldn't find file 'humerus_lv.vtp'.
[2026-07-08 16:39:27.318] [warning] Couldn't find file 'ulna_lv.vtp'.
[2026-07-08 16:39:27.318] [warning] Couldn't find file 'radius_lv.vtp'.
[2026-07-08 16:39:27.318] [warning] Couldn't find file 'pisiform_lvs.vtp'.
[2026-07-08 16:39:27.318] [warning] Couldn't find file 'lunate_lvs.vtp'.
[2026-07-08 16:39:27.318] [warning] Couldn't find file 'scaphoid_lvs.vtp'.
[2026-07-08 16:39:27.318] [warning] Couldn't find file 'triquetrum_lvs.vtp'.
[2026-07-08 16:39:27.318] [warning] Couldn't find file 'hamate_lvs.vtp'.
[2026-07-08 16:39:27.318] [warning] Couldn't find file 'capitate_lvs.vtp'.
[2026-07-08 16:39:27.318] [warning] Couldn't find file 'trapezoid_lvs.vtp'.
[2026-07-08 16:39:27.318] [warning] Couldn't find file 'trapezium_lvs.vtp'.
[2026-07-08 16:39:27.318] [warning] Couldn't find file 'metacarpal2_lvs.vtp'.
[2026-07-08 16:39:27.318] [warning] Couldn't find file 'index_proximal_lvs.vtp'.
[2026-07-08 16:39:27.318] [warning] Couldn't find file 'index_medial_lvs.vtp'.
[2026-07-08 16:39:27.318] [warning] Couldn't find file 'index_distal_lvs.vtp'.
[2026-07-08 16:39:27.318] [warning] Couldn't find file 'metacarpal3_lvs.vtp'.
[2026-07-08 16:39:27.318] [warning] Couldn't find file 'middle_proximal_lvs.vtp'.
[2026-07-08 16:39:27.318] [warning] Couldn't find file 'middle_medial_lvs.vtp'.
[2026-07-08 16:39:27.318] [warning] Couldn't find file 'middle_distal_lvs.vtp'.
[2026-07-08 16:39:27.318] [warning] Couldn't find file 'metacarpal4_lvs.vtp'.
[2026-07-08 16:39:27.318] [warning] Couldn't find file 'ring_proximal_lvs.vtp'.
[2026-07-08 16:39:27.318] [warning] Couldn't find file 'ring_medial_lvs.vtp'.
[2026-07-08 16:39:27.318] [warning] Couldn't find file 'ring_distal_lvs.vtp'.
[2026-07-08 16:39:27.318] [warning] Couldn't find file 'metacarpal5_lvs.vtp'.
[2026-07-08 16:39:27.318] [warning] Couldn't find file 'little_proximal_lvs.vtp'.
[2026-07-08 16:39:27.318] [warning] Couldn't find file 'little_medial_lvs.vtp'.
[2026-07-08 16:39:27.318] [warning] Couldn't find file 'little_distal_lvs.vtp'.
[2026-07-08 16:39:27.318] [warning] Couldn't find file 'metacarpal1_lvs.vtp'.
[2026-07-08 16:39:27.318] [warning] Couldn't find file 'thumb_proximal_lvs.vtp'.
[2026-07-08 16:39:27.318] [warning] Couldn't find file 'thumb_distal_lvs.vtp'.
[2026-07-08 16:39:27.318] [warning] Couldn't find file 'r_tibia_prox.obj'.
[2026-07-08 16:39:27.360] [info] Loaded marker file test_output.trc (42 markers, 225 frames)
[2026-07-09 13:19:07.733] [info] Loaded marker file example_ref.trc (58 markers, 113 frames)
